database\*.pas
database\*.inc
database\*.rc
database\*.dpr
database\*.xfm
database\*.dfm

db\*.pas
db\*.inc
db\*.rc
db\*.dpr
db\*.xfm
db\*.dfm

dunit\src\*.pas
dunit\src\*.inc
dunit\src\*.rc
dunit\src\*.dpr
dunit\src\*.xfm
dunit\src\*.dfm

dUnit\Contrib\DUnitWizard\Source\DelphiExperts\DUnitProject\*.pas
dUnit\Contrib\DUnitWizard\Source\DelphiExperts\DUnitProject\*.inc
dUnit\Contrib\DUnitWizard\Source\DelphiExperts\DUnitProject\*.rc
dUnit\Contrib\DUnitWizard\Source\DelphiExperts\DUnitProject\*.dpr
dUnit\Contrib\DUnitWizard\Source\DelphiExperts\DUnitProject\*.xfm
dUnit\Contrib\DUnitWizard\Source\DelphiExperts\DUnitProject\*.dfm

dUnit\Contrib\DUnitWizard\Source\DelphiExperts\DUnitProject\dunit\*.pas
dUnit\Contrib\DUnitWizard\Source\DelphiExperts\DUnitProject\dunit\*.inc
dUnit\Contrib\DUnitWizard\Source\DelphiExperts\DUnitProject\dunit\*.rc
dUnit\Contrib\DUnitWizard\Source\DelphiExperts\DUnitProject\dunit\*.dpr
dUnit\Contrib\DUnitWizard\Source\DelphiExperts\DUnitProject\dunit\*.xfm
dUnit\Contrib\DUnitWizard\Source\DelphiExperts\DUnitProject\dunit\*.dfm

dUnit\Contrib\DUnitWizard\Source\DelphiExperts\Common\*.pas
dUnit\Contrib\DUnitWizard\Source\DelphiExperts\Common\*.inc
dUnit\Contrib\DUnitWizard\Source\DelphiExperts\Common\*.rc
dUnit\Contrib\DUnitWizard\Source\DelphiExperts\Common\*.dpr
dUnit\Contrib\DUnitWizard\Source\DelphiExperts\Common\*.xfm
dUnit\Contrib\DUnitWizard\Source\DelphiExperts\Common\*.dfm

dUnit\Contrib\XPGen\*.pas
dUnit\Contrib\XPGen\*.inc
dUnit\Contrib\XPGen\*.rc
dUnit\Contrib\XPGen\*.dpr
dUnit\Contrib\XPGen\*.xfm
dUnit\Contrib\XPGen\*.dfm

dUnit\tests\*.pas
dUnit\tests\*.inc
dUnit\tests\*.rc
dUnit\tests\*.dpr
dUnit\tests\*.xfm
dUnit\tests\*.dfm

ibx\*.pas
ibx\*.inc
ibx\*.rc
ibx\*.dpr
ibx\*.xfm
ibx\*.dfm

ibx\property editors\*.pas
ibx\property editors\*.inc
ibx\property editors\*.rc
ibx\property editors\*.dpr
ibx\property editors\*.xfm
ibx\property editors\*.dfm

indy10\core\*.pas
indy10\core\*.inc
indy10\core\*.rc
indy10\core\*.dpr
indy10\core\*.xfm
indy10\core\*.dfm

indy10\protocols\*.pas
indy10\protocols\*.inc
indy10\protocols\*.rc
indy10\protocols\*.dpr
indy10\protocols\*.xfm
indy10\protocols\*.dfm

indy10\system\*.pas
indy10\system\*.inc
indy10\system\*.rc
indy10\system\*.dpr
indy10\system\*.xfm
indy10\system\*.dfm

internet\*.pas
internet\*.inc
internet\*.rc
internet\*.dpr
internet\*.xfm
internet\*.dfm

property editors\*.pas
property editors\*.inc
property editors\*.rc
property editors\*.dpr
property editors\*.xfm
property editors\*.dfm

rtl\common\*.pas
rtl\common\*.inc
rtl\common\*.rc
rtl\common\*.dpr
rtl\common\*.xfm
rtl\common\*.dfm

rtl\sys\*.pas
rtl\sys\*.inc
rtl\sys\*.rc
rtl\sys\*.dpr
rtl\sys\*.xfm
rtl\sys\*.dfm

samples\delphi\*.pas
samples\delphi\*.inc
samples\delphi\*.rc
samples\delphi\*.dpr
samples\delphi\*.xfm
samples\delphi\*.dfm

soap\*.pas
soap\*.inc
soap\*.rc
soap\*.dpr
soap\*.xfm
soap\*.dfm

soap\wsdlimporter\*.pas
soap\wsdlimporter\*.inc
soap\wsdlimporter\*.rc
soap\wsdlimporter\*.dpr
soap\wsdlimporter\*.xfm
soap\wsdlimporter\*.dfm

toolsapi\*.pas
toolsapi\*.inc
toolsapi\*.rc
toolsapi\*.dpr
toolsapi\*.xfm
toolsapi\*.dfm

vcl\*.pas
vcl\*.inc
vcl\*.rc
vcl\*.dpr
vcl\*.xfm
vcl\*.dfm

visualizers\*.pas
visualizers\*.inc
visualizers\*.rc
visualizers\*.dpr
visualizers\*.xfm
visualizers\*.dfm

xml\*.pas
xml\*.inc
xml\*.rc
xml\*.dpr
xml\*.xfm
xml\*.dfm

xtab\*.pas
xtab\*.inc
xtab\*.rc
xtab\*.dpr
xtab\*.xfm
xtab\*.dfm
