database\de\*.pas
database\de\*.inc
database\de\*.rc
database\de\*.dpr
database\de\*.xfm
database\de\*.dfm

db\de\*.pas
db\de\*.inc
db\de\*.rc
db\de\*.dpr
db\de\*.xfm
db\de\*.dfm

dunit\src\de\*.pas
dunit\src\de\*.inc
dunit\src\de\*.rc
dunit\src\de\*.dpr
dunit\src\de\*.xfm
dunit\src\de\*.dfm

ibx\de\*.pas
ibx\de\*.inc
ibx\de\*.rc
ibx\de\*.dpr
ibx\de\*.xfm
ibx\de\*.dfm

ibx\property editors\de\*.pas
ibx\property editors\de\*.inc
ibx\property editors\de\*.rc
ibx\property editors\de\*.dpr
ibx\property editors\de\*.xfm
ibx\property editors\de\*.dfm

indy10\core\de\*.pas
indy10\core\de\*.inc
indy10\core\de\*.rc
indy10\core\de\*.dpr
indy10\core\de\*.xfm
indy10\core\de\*.dfm

indy10\protocols\de\*.pas
indy10\protocols\de\*.inc
indy10\protocols\de\*.rc
indy10\protocols\de\*.dpr
indy10\protocols\de\*.xfm
indy10\protocols\de\*.dfm

indy10\system\de\*.pas
indy10\system\de\*.inc
indy10\system\de\*.rc
indy10\system\de\*.dpr
indy10\system\de\*.xfm
indy10\system\de\*.dfm

internet\de\*.pas
internet\de\*.inc
internet\de\*.rc
internet\de\*.dpr
internet\de\*.xfm
internet\de\*.dfm

property editors\de\*.pas
property editors\de\*.inc
property editors\de\*.rc
property editors\de\*.dpr
property editors\de\*.xfm
property editors\de\*.dfm

rtl\common\de\*.pas
rtl\common\de\*.inc
rtl\common\de\*.rc
rtl\common\de\*.dpr
rtl\common\de\*.xfm
rtl\common\de\*.dfm

rtl\sys\de\*.pas
rtl\sys\de\*.inc
rtl\sys\de\*.rc
rtl\sys\de\*.dpr
rtl\sys\de\*.xfm
rtl\sys\de\*.dfm

samples\delphi\de\*.pas
samples\delphi\de\*.inc
samples\delphi\de\*.rc
samples\delphi\de\*.dpr
samples\delphi\de\*.xfm
samples\delphi\de\*.dfm

soap\de\*.pas
soap\de\*.inc
soap\de\*.rc
soap\de\*.dpr
soap\de\*.xfm
soap\de\*.dfm

soap\wsdlimporter\de\*.pas
soap\wsdlimporter\de\*.inc
soap\wsdlimporter\de\*.rc
soap\wsdlimporter\de\*.dpr
soap\wsdlimporter\de\*.xfm
soap\wsdlimporter\de\*.dfm

toolsapi\de\*.pas
toolsapi\de\*.inc
toolsapi\de\*.rc
toolsapi\de\*.dpr
toolsapi\de\*.xfm
toolsapi\de\*.dfm

vcl\de\*.pas
vcl\de\*.inc
vcl\de\*.rc
vcl\de\*.dpr
vcl\de\*.xfm
vcl\de\*.dfm

visualizers\de\*.pas
visualizers\de\*.inc
visualizers\de\*.rc
visualizers\de\*.dpr
visualizers\de\*.xfm
visualizers\de\*.dfm

xml\de\*.pas
xml\de\*.inc
xml\de\*.rc
xml\de\*.dpr
xml\de\*.xfm
xml\de\*.dfm

xtab\de\*.pas
xtab\de\*.inc
xtab\de\*.rc
xtab\de\*.dpr
xtab\de\*.xfm
xtab\de\*.dfm
